{
    "results": [
        {
            "ID": "fadesign_118_changed",
            "Repository": "New York University Archives (archives)",
            "Timestamp": "9/9/1999 9:09 am"
        },
        {
            "ID": "fadesign_118_deleted",
            "Repository": "New York University Archives (archives)",
            "Timestamp": "9/9/1999 9:09 am"
        },
        {
            "ID": "amfamily",
            "Repository": "Fales Library and Special Collections (fales)",
            "Timestamp": "1/24/2014 3:13 pm"
        },
        {
            "ID": "brubaker",
            "Repository": "Fales Library and Special Collections (fales)",
            "Timestamp": "1/24/2014 3:13 pm"
        },
        {
            "ID": "edsmith",
            "Repository": "Fales Library and Special Collections (fales)",
            "Timestamp": "1/24/2014 3:13 pm"
        },
        {
            "ID": "germanletters",
            "Repository": "Fales Library and Special Collections (fales)",
            "Timestamp": "1/24/2014 3:13 pm"
        },
        {
            "ID": "hall2",
            "Repository": "Fales Library and Special Collections (fales)",
            "Timestamp": "1/24/2014 3:13 pm"
        },
        {
            "ID": "klein",
            "Repository": "Fales Library and Special Collections (fales)",
            "Timestamp": "1/24/2014 3:13 pm"
        },
        {
            "ID": "lorwin",
            "Repository": "Fales Library and Special Collections (fales)",
            "Timestamp": "1/24/2014 3:13 pm"
        },
        {
            "ID": "mccay",
            "Repository": "Fales Library and Special Collections (fales)",
            "Timestamp": "1/24/2014 3:13 pm"
        }
    ],
    "ui": {
        "idFilter": null,
        "pageNavigation": "«\n‹\n1\n2\n3\n4\n…\n›\n»",
        "pageNumber": 1,
        "repositoryFilter": "All",
        "resultStats": "4,770 finding aids found",
        "resultsPerPage": "10",
        "sort": {
            "direction": "ascending",
            "field": "timestamp"
        }
    }
}