{
    "results": [
        {
            "ID": "web_arc_003",
            "Repository": "Tamiment Library and Robert F. Wagner Labor Archives (tamwag)",
            "Timestamp": "7/6/2021 10:05 am"
        },
        {
            "ID": "rism_vf_1",
            "Repository": "New York University Archives (archives)",
            "Timestamp": "7/6/2021 10:00 am"
        },
        {
            "ID": "ms3034_holland_dames",
            "Repository": "New-York Historical Society (nyhs)",
            "Timestamp": "7/6/2021 9:40 am"
        },
        {
            "ID": "nyhsrg1",
            "Repository": "New-York Historical Society (nyhs)",
            "Timestamp": "7/2/2021 3:25 pm"
        },
        {
            "ID": "ms2958_9861_emma_ina_thursby",
            "Repository": "New-York Historical Society (nyhs)",
            "Timestamp": "7/1/2021 12:40 pm"
        },
        {
            "ID": "timeincoverview",
            "Repository": "New-York Historical Society (nyhs)",
            "Timestamp": "6/29/2021 3:45 pm"
        },
        {
            "ID": "timeincrg50",
            "Repository": "New-York Historical Society (nyhs)",
            "Timestamp": "6/29/2021 3:45 pm"
        },
        {
            "ID": "ms2958_9845_gutfreund",
            "Repository": "New-York Historical Society (nyhs)",
            "Timestamp": "6/29/2021 12:35 pm"
        },
        {
            "ID": "ms3042_ethical_culture_fieldston",
            "Repository": "New-York Historical Society (nyhs)",
            "Timestamp": "6/29/2021 12:25 pm"
        },
        {
            "ID": "ms3065_accountants_club",
            "Repository": "New-York Historical Society (nyhs)",
            "Timestamp": "6/29/2021 11:35 am"
        }
    ],
    "ui": {
        "idFilter": null,
        "pageNavigation": "«\n‹\n1\n2\n3\n4\n…\n›\n»",
        "pageNumber": 1,
        "repositoryFilter": "All",
        "resultStats": "4,770 finding aids found",
        "resultsPerPage": "10",
        "sort": {
            "direction": "descending",
            "field": "timestamp"
        }
    }
}