{
    "results": [
        {
            "ID": "ad_mc_002",
            "Repository": "Akkasah: Center for Photography (NYU Abu Dhabi) (akkasah)",
            "Timestamp": "4/1/2020 6:45 am"
        },
        {
            "ID": "ad_mc_007",
            "Repository": "Akkasah: Center for Photography (NYU Abu Dhabi) (akkasah)",
            "Timestamp": "7/17/2020 3:10 pm"
        },
        {
            "ID": "ad_mc_011",
            "Repository": "Akkasah: Center for Photography (NYU Abu Dhabi) (akkasah)",
            "Timestamp": "4/17/2020 5:05 am"
        },
        {
            "ID": "ad_mc_012",
            "Repository": "Akkasah: Center for Photography (NYU Abu Dhabi) (akkasah)",
            "Timestamp": "3/31/2020 11:50 am"
        },
        {
            "ID": "ad_mc_013_v1",
            "Repository": "Akkasah: Center for Photography (NYU Abu Dhabi) (akkasah)",
            "Timestamp": "4/14/2020 1:50 pm"
        },
        {
            "ID": "ad_mc_013_v2",
            "Repository": "Akkasah: Center for Photography (NYU Abu Dhabi) (akkasah)",
            "Timestamp": "4/14/2020 2:15 pm"
        },
        {
            "ID": "ad_mc_014",
            "Repository": "Akkasah: Center for Photography (NYU Abu Dhabi) (akkasah)",
            "Timestamp": "4/2/2020 1:05 pm"
        },
        {
            "ID": "ad_mc_015",
            "Repository": "Akkasah: Center for Photography (NYU Abu Dhabi) (akkasah)",
            "Timestamp": "4/2/2020 1:25 pm"
        },
        {
            "ID": "ad_mc_016",
            "Repository": "Akkasah: Center for Photography (NYU Abu Dhabi) (akkasah)",
            "Timestamp": "3/31/2020 11:50 am"
        },
        {
            "ID": "ad_mc_020",
            "Repository": "Akkasah: Center for Photography (NYU Abu Dhabi) (akkasah)",
            "Timestamp": "4/15/2020 12:45 pm"
        },
        {
            "ID": "ad_mc_021",
            "Repository": "Akkasah: Center for Photography (NYU Abu Dhabi) (akkasah)",
            "Timestamp": "3/31/2020 11:55 am"
        },
        {
            "ID": "ad_mc_025",
            "Repository": "Akkasah: Center for Photography (NYU Abu Dhabi) (akkasah)",
            "Timestamp": "3/31/2020 12:00 pm"
        },
        {
            "ID": "ad_mc_026",
            "Repository": "Akkasah: Center for Photography (NYU Abu Dhabi) (akkasah)",
            "Timestamp": "4/2/2020 12:00 pm"
        },
        {
            "ID": "ad_mc_027",
            "Repository": "Akkasah: Center for Photography (NYU Abu Dhabi) (akkasah)",
            "Timestamp": "4/2/2020 1:45 pm"
        },
        {
            "ID": "ad_mc_028",
            "Repository": "Akkasah: Center for Photography (NYU Abu Dhabi) (akkasah)",
            "Timestamp": "4/2/2020 12:05 pm"
        },
        {
            "ID": "ad_mc_030",
            "Repository": "Akkasah: Center for Photography (NYU Abu Dhabi) (akkasah)",
            "Timestamp": "4/1/2020 6:25 am"
        },
        {
            "ID": "ad_mc_030_ref149",
            "Repository": "Akkasah: Center for Photography (NYU Abu Dhabi) (akkasah)",
            "Timestamp": "4/6/2020 9:15 am"
        },
        {
            "ID": "ad_mc_030_ref150",
            "Repository": "Akkasah: Center for Photography (NYU Abu Dhabi) (akkasah)",
            "Timestamp": "4/6/2020 11:35 am"
        },
        {
            "ID": "ad_mc_030_ref151",
            "Repository": "Akkasah: Center for Photography (NYU Abu Dhabi) (akkasah)",
            "Timestamp": "4/6/2020 12:15 pm"
        },
        {
            "ID": "ad_mc_030_ref158",
            "Repository": "Akkasah: Center for Photography (NYU Abu Dhabi) (akkasah)",
            "Timestamp": "4/6/2020 1:35 pm"
        },
        {
            "ID": "ad_mc_030_ref159",
            "Repository": "Akkasah: Center for Photography (NYU Abu Dhabi) (akkasah)",
            "Timestamp": "4/14/2020 12:30 pm"
        },
        {
            "ID": "ad_mc_030_ref163",
            "Repository": "Akkasah: Center for Photography (NYU Abu Dhabi) (akkasah)",
            "Timestamp": "4/13/2020 12:30 pm"
        },
        {
            "ID": "ad_mc_030_ref184",
            "Repository": "Akkasah: Center for Photography (NYU Abu Dhabi) (akkasah)",
            "Timestamp": "4/14/2020 1:30 pm"
        },
        {
            "ID": "ad_mc_031",
            "Repository": "Akkasah: Center for Photography (NYU Abu Dhabi) (akkasah)",
            "Timestamp": "4/1/2020 6:00 am"
        },
        {
            "ID": "ad_mc_036",
            "Repository": "Akkasah: Center for Photography (NYU Abu Dhabi) (akkasah)",
            "Timestamp": "3/31/2020 12:30 pm"
        },
        {
            "ID": "ad_mc_040",
            "Repository": "Akkasah: Center for Photography (NYU Abu Dhabi) (akkasah)",
            "Timestamp": "4/15/2020 1:00 pm"
        },
        {
            "ID": "ad_mc_041",
            "Repository": "Akkasah: Center for Photography (NYU Abu Dhabi) (akkasah)",
            "Timestamp": "4/17/2020 1:20 pm"
        },
        {
            "ID": "ad_mc_042",
            "Repository": "Akkasah: Center for Photography (NYU Abu Dhabi) (akkasah)",
            "Timestamp": "5/5/2020 6:35 am"
        },
        {
            "ID": "ad_mc_043",
            "Repository": "Akkasah: Center for Photography (NYU Abu Dhabi) (akkasah)",
            "Timestamp": "5/5/2020 6:40 am"
        },
        {
            "ID": "ad_mc_044",
            "Repository": "Akkasah: Center for Photography (NYU Abu Dhabi) (akkasah)",
            "Timestamp": "4/21/2020 12:45 pm"
        },
        {
            "ID": "ad_mc_045",
            "Repository": "Akkasah: Center for Photography (NYU Abu Dhabi) (akkasah)",
            "Timestamp": "5/5/2020 6:40 am"
        },
        {
            "ID": "ad_mc_046",
            "Repository": "Akkasah: Center for Photography (NYU Abu Dhabi) (akkasah)",
            "Timestamp": "5/5/2020 6:45 am"
        },
        {
            "ID": "ad_mc_047",
            "Repository": "Akkasah: Center for Photography (NYU Abu Dhabi) (akkasah)",
            "Timestamp": "5/5/2020 6:45 am"
        },
        {
            "ID": "ad_mc_048",
            "Repository": "Akkasah: Center for Photography (NYU Abu Dhabi) (akkasah)",
            "Timestamp": "5/5/2020 6:45 am"
        },
        {
            "ID": "ad_mc_049",
            "Repository": "Akkasah: Center for Photography (NYU Abu Dhabi) (akkasah)",
            "Timestamp": "4/2/2020 11:45 am"
        },
        {
            "ID": "ad_mc_050",
            "Repository": "Akkasah: Center for Photography (NYU Abu Dhabi) (akkasah)",
            "Timestamp": "4/2/2020 11:20 am"
        },
        {
            "ID": "ad_mc_056",
            "Repository": "Akkasah: Center for Photography (NYU Abu Dhabi) (akkasah)",
            "Timestamp": "4/6/2020 10:45 am"
        },
        {
            "ID": "ad_mc_062",
            "Repository": "Akkasah: Center for Photography (NYU Abu Dhabi) (akkasah)",
            "Timestamp": "4/22/2021 4:50 am"
        },
        {
            "ID": "1974_002",
            "Repository": "Center for Brooklyn History (cbh)",
            "Timestamp": "10/13/2021 8:53 pm"
        },
        {
            "ID": "1974_003",
            "Repository": "Center for Brooklyn History (cbh)",
            "Timestamp": "10/13/2021 8:53 pm"
        },
        {
            "ID": "1974_065",
            "Repository": "Center for Brooklyn History (cbh)",
            "Timestamp": "10/13/2021 8:53 pm"
        },
        {
            "ID": "1974_131",
            "Repository": "Center for Brooklyn History (cbh)",
            "Timestamp": "10/13/2021 8:53 pm"
        },
        {
            "ID": "1979_008",
            "Repository": "Center for Brooklyn History (cbh)",
            "Timestamp": "10/13/2021 8:53 pm"
        },
        {
            "ID": "1985_093",
            "Repository": "Center for Brooklyn History (cbh)",
            "Timestamp": "10/13/2021 8:53 pm"
        },
        {
            "ID": "1989_006",
            "Repository": "Center for Brooklyn History (cbh)",
            "Timestamp": "10/13/2021 8:53 pm"
        },
        {
            "ID": "2004_010",
            "Repository": "Center for Brooklyn History (cbh)",
            "Timestamp": "10/13/2021 8:53 pm"
        },
        {
            "ID": "2004_023",
            "Repository": "Center for Brooklyn History (cbh)",
            "Timestamp": "10/13/2021 8:53 pm"
        },
        {
            "ID": "2004_024_verrazano_bridge",
            "Repository": "Center for Brooklyn History (cbh)",
            "Timestamp": "10/13/2021 8:53 pm"
        },
        {
            "ID": "2007_048",
            "Repository": "Center for Brooklyn History (cbh)",
            "Timestamp": "10/13/2021 8:53 pm"
        },
        {
            "ID": "2008_031",
            "Repository": "Center for Brooklyn History (cbh)",
            "Timestamp": "10/13/2021 8:53 pm"
        },
        {
            "ID": "2010_010",
            "Repository": "Center for Brooklyn History (cbh)",
            "Timestamp": "10/13/2021 8:53 pm"
        },
        {
            "ID": "2011_005",
            "Repository": "Center for Brooklyn History (cbh)",
            "Timestamp": "10/13/2021 8:53 pm"
        },
        {
            "ID": "2011_007",
            "Repository": "Center for Brooklyn History (cbh)",
            "Timestamp": "10/13/2021 8:53 pm"
        },
        {
            "ID": "2011_008",
            "Repository": "Center for Brooklyn History (cbh)",
            "Timestamp": "10/13/2021 8:53 pm"
        },
        {
            "ID": "2011_018",
            "Repository": "Center for Brooklyn History (cbh)",
            "Timestamp": "10/13/2021 8:53 pm"
        },
        {
            "ID": "2011_029",
            "Repository": "Center for Brooklyn History (cbh)",
            "Timestamp": "10/13/2021 8:53 pm"
        },
        {
            "ID": "2012_005",
            "Repository": "Center for Brooklyn History (cbh)",
            "Timestamp": "10/13/2021 8:53 pm"
        },
        {
            "ID": "2012_013",
            "Repository": "Center for Brooklyn History (cbh)",
            "Timestamp": "10/13/2021 8:53 pm"
        },
        {
            "ID": "2012_019",
            "Repository": "Center for Brooklyn History (cbh)",
            "Timestamp": "10/13/2021 8:53 pm"
        },
        {
            "ID": "2013_001",
            "Repository": "Center for Brooklyn History (cbh)",
            "Timestamp": "10/13/2021 8:53 pm"
        },
        {
            "ID": "2013_005",
            "Repository": "Center for Brooklyn History (cbh)",
            "Timestamp": "10/13/2021 8:53 pm"
        },
        {
            "ID": "2013_007",
            "Repository": "Center for Brooklyn History (cbh)",
            "Timestamp": "10/13/2021 8:53 pm"
        },
        {
            "ID": "2013_008",
            "Repository": "Center for Brooklyn History (cbh)",
            "Timestamp": "10/13/2021 8:53 pm"
        },
        {
            "ID": "2013_023",
            "Repository": "Center for Brooklyn History (cbh)",
            "Timestamp": "10/13/2021 8:53 pm"
        },
        {
            "ID": "2014_023",
            "Repository": "Center for Brooklyn History (cbh)",
            "Timestamp": "10/13/2021 8:53 pm"
        },
        {
            "ID": "2015_011",
            "Repository": "Center for Brooklyn History (cbh)",
            "Timestamp": "10/13/2021 8:53 pm"
        },
        {
            "ID": "2015_019",
            "Repository": "Center for Brooklyn History (cbh)",
            "Timestamp": "10/13/2021 8:53 pm"
        },
        {
            "ID": "2015_024",
            "Repository": "Center for Brooklyn History (cbh)",
            "Timestamp": "10/13/2021 8:53 pm"
        },
        {
            "ID": "2015_030",
            "Repository": "Center for Brooklyn History (cbh)",
            "Timestamp": "10/13/2021 8:53 pm"
        },
        {
            "ID": "2015_036",
            "Repository": "Center for Brooklyn History (cbh)",
            "Timestamp": "10/13/2021 8:53 pm"
        },
        {
            "ID": "2016_001",
            "Repository": "Center for Brooklyn History (cbh)",
            "Timestamp": "10/13/2021 8:53 pm"
        },
        {
            "ID": "2016_009",
            "Repository": "Center for Brooklyn History (cbh)",
            "Timestamp": "10/13/2021 8:53 pm"
        },
        {
            "ID": "2016_016",
            "Repository": "Center for Brooklyn History (cbh)",
            "Timestamp": "10/13/2021 8:53 pm"
        },
        {
            "ID": "2016_021",
            "Repository": "Center for Brooklyn History (cbh)",
            "Timestamp": "10/13/2021 8:53 pm"
        },
        {
            "ID": "2016_026",
            "Repository": "Center for Brooklyn History (cbh)",
            "Timestamp": "10/13/2021 8:53 pm"
        },
        {
            "ID": "2016_027_voices_crown_heights",
            "Repository": "Center for Brooklyn History (cbh)",
            "Timestamp": "10/13/2021 8:53 pm"
        },
        {
            "ID": "2016_028",
            "Repository": "Center for Brooklyn History (cbh)",
            "Timestamp": "10/13/2021 8:53 pm"
        },
        {
            "ID": "2016_032",
            "Repository": "Center for Brooklyn History (cbh)",
            "Timestamp": "10/13/2021 8:53 pm"
        },
        {
            "ID": "2016_034",
            "Repository": "Center for Brooklyn History (cbh)",
            "Timestamp": "10/13/2021 8:53 pm"
        },
        {
            "ID": "2016_038",
            "Repository": "Center for Brooklyn History (cbh)",
            "Timestamp": "10/13/2021 8:53 pm"
        },
        {
            "ID": "2016_042",
            "Repository": "Center for Brooklyn History (cbh)",
            "Timestamp": "10/13/2021 8:53 pm"
        },
        {
            "ID": "2017_003",
            "Repository": "Center for Brooklyn History (cbh)",
            "Timestamp": "10/13/2021 8:53 pm"
        },
        {
            "ID": "2017_007",
            "Repository": "Center for Brooklyn History (cbh)",
            "Timestamp": "10/13/2021 8:53 pm"
        },
        {
            "ID": "2017_008",
            "Repository": "Center for Brooklyn History (cbh)",
            "Timestamp": "10/13/2021 8:53 pm"
        },
        {
            "ID": "2017_009",
            "Repository": "Center for Brooklyn History (cbh)",
            "Timestamp": "10/13/2021 8:53 pm"
        },
        {
            "ID": "2017_010",
            "Repository": "Center for Brooklyn History (cbh)",
            "Timestamp": "10/13/2021 8:53 pm"
        },
        {
            "ID": "2017_012",
            "Repository": "Center for Brooklyn History (cbh)",
            "Timestamp": "10/13/2021 8:53 pm"
        },
        {
            "ID": "2017_013",
            "Repository": "Center for Brooklyn History (cbh)",
            "Timestamp": "10/13/2021 8:53 pm"
        },
        {
            "ID": "2017_014",
            "Repository": "Center for Brooklyn History (cbh)",
            "Timestamp": "10/13/2021 8:53 pm"
        },
        {
            "ID": "2017_024",
            "Repository": "Center for Brooklyn History (cbh)",
            "Timestamp": "10/13/2021 8:53 pm"
        },
        {
            "ID": "2018_004",
            "Repository": "Center for Brooklyn History (cbh)",
            "Timestamp": "10/13/2021 8:53 pm"
        },
        {
            "ID": "2018_006",
            "Repository": "Center for Brooklyn History (cbh)",
            "Timestamp": "10/13/2021 8:53 pm"
        },
        {
            "ID": "2018_007",
            "Repository": "Center for Brooklyn History (cbh)",
            "Timestamp": "10/13/2021 8:53 pm"
        },
        {
            "ID": "2018_011",
            "Repository": "Center for Brooklyn History (cbh)",
            "Timestamp": "10/13/2021 8:53 pm"
        },
        {
            "ID": "2019_007",
            "Repository": "Center for Brooklyn History (cbh)",
            "Timestamp": "10/13/2021 8:53 pm"
        },
        {
            "ID": "2019_008",
            "Repository": "Center for Brooklyn History (cbh)",
            "Timestamp": "10/13/2021 8:53 pm"
        },
        {
            "ID": "2019_009",
            "Repository": "Center for Brooklyn History (cbh)",
            "Timestamp": "10/13/2021 8:53 pm"
        },
        {
            "ID": "2019_010",
            "Repository": "Center for Brooklyn History (cbh)",
            "Timestamp": "10/13/2021 8:53 pm"
        },
        {
            "ID": "2019_013",
            "Repository": "Center for Brooklyn History (cbh)",
            "Timestamp": "10/13/2021 8:53 pm"
        },
        {
            "ID": "2020_002",
            "Repository": "Center for Brooklyn History (cbh)",
            "Timestamp": "10/13/2021 8:53 pm"
        }
    ],
    "ui": {
        "idFilter": null,
        "pageNavigation": "«\n‹\n1\n2\n3\n4\n…\n›\n»",
        "pageNumber": 1,
        "repositoryFilter": "All",
        "resultStats": "4,770 finding aids found",
        "resultsPerPage": "100",
        "sort": {
            "direction": "ascending",
            "field": "repository"
        }
    }
}