{
    "results": [
        {
        }
    ],
    "ui": {
        "idFilter": "2015_11",
        "pageNavigation": "«\n‹\n1\n›\n»",
        "pageNumber": 1,
        "repositoryFilter": "Center for Brooklyn History",
        "resultStats": "0 finding aids found",
        "resultsPerPage": "10",
        "sort": {
            "direction": "ascending",
            "field": "repository"
        }
    }
}