{
    "results": [
        {
            "ID": "diner",
            "Repository": "New York University Archives (archives)",
            "Timestamp": "1/8/2019 10:10 am"
        }
    ],
    "ui": {
        "idFilter": "diner",
        "pageNavigation": "«\n‹\n1\n›\n»",
        "pageNumber": 1,
        "repositoryFilter": "All",
        "resultStats": "1 finding aids found",
        "resultsPerPage": "10",
        "sort": {
            "direction": "ascending",
            "field": "repository"
        }
    }
}