{
    "results": [
        {
            "ID": "inventories",
            "Repository": "New-York Historical Society (nyhs)",
            "Timestamp": "8/22/2014 2:46 pm"
        },
        {
            "ID": "mckim",
            "Repository": "New-York Historical Society (nyhs)",
            "Timestamp": "8/12/2020 1:57 pm"
        },
        {
            "ID": "ms201_erasmus_hall",
            "Repository": "New-York Historical Society (nyhs)",
            "Timestamp": "3/22/2021 2:44 pm"
        },
        {
            "ID": "ms3093_maritime_association",
            "Repository": "New-York Historical Society (nyhs)",
            "Timestamp": "8/12/2020 4:22 pm"
        },
        {
            "ID": "ms3199_womens_sports",
            "Repository": "New-York Historical Society (nyhs)",
            "Timestamp": "6/17/2021 4:37 pm"
        },
        {
            "ID": "ms3202_bernfeld_puppet",
            "Repository": "New-York Historical Society (nyhs)",
            "Timestamp": "7/8/2021 10:59 am"
        },
        {
            "ID": "ms324_irvin",
            "Repository": "New-York Historical Society (nyhs)",
            "Timestamp": "10/26/2020 9:42 am"
        },
        {
            "ID": "ms443_9_stmarks_church_bowery",
            "Repository": "New-York Historical Society (nyhs)",
            "Timestamp": "6/30/2021 2:43 pm"
        },
        {
            "ID": "ms531_rutherfurd_collection",
            "Repository": "New-York Historical Society (nyhs)",
            "Timestamp": "4/15/2020 9:25 am"
        },
        {
            "ID": "nyhsrg18",
            "Repository": "New-York Historical Society (nyhs)",
            "Timestamp": "12/30/2018 4:19 pm"
        }
    ],
    "ui": {
        "idFilter": null,
        "pageNavigation": "«\n‹\n…\n3\n4\n5\n…\n›\n»",
        "pageNumber": 4,
        "repositoryFilter": "All",
        "resultStats": "69 finding aids found",
        "resultsPerPage": "10",
        "sort": {
            "direction": "ascending",
            "field": "repository"
        }
    }
}