{
    "results": [
        {
            "ID": "fadesign_116_changed",
            "Repository": "New York University Archives (archives)",
            "Timestamp": "9/9/1999 9:09 am"
        },
        {
            "ID": "fadesign_116_deleted",
            "Repository": "New York University Archives (archives)",
            "Timestamp": "9/9/1999 9:09 am"
        },
        {
            "ID": "fadesign_117_changed",
            "Repository": "New York University Archives (archives)",
            "Timestamp": "9/9/1999 9:09 am"
        },
        {
            "ID": "fadesign_117_deleted",
            "Repository": "New York University Archives (archives)",
            "Timestamp": "9/9/1999 9:09 am"
        },
        {
            "ID": "inventories",
            "Repository": "New-York Historical Society (nyhs)",
            "Timestamp": "8/22/2014 2:46 pm"
        },
        {
            "ID": "nyupolyvideo",
            "Repository": "Poly Archives at Bern Dibner Library of Science and Technology (poly)",
            "Timestamp": "3/26/2015 12:45 pm"
        },
        {
            "ID": "fineart",
            "Repository": "New-York Historical Society (nyhs)",
            "Timestamp": "3/16/2016 3:41 pm"
        },
        {
            "ID": "mrireports",
            "Repository": "Poly Archives at Bern Dibner Library of Science and Technology (poly)",
            "Timestamp": "12/5/2016 2:57 pm"
        },
        {
            "ID": "timeincrg2",
            "Repository": "NYU Abu Dhabi, Archives and Special Collections (nyuad)",
            "Timestamp": "4/13/2017 10:34 am"
        },
        {
            "ID": "capstone",
            "Repository": "NYU Abu Dhabi, Archives and Special Collections (nyuad)",
            "Timestamp": "10/27/2017 7:07 am"
        }
    ],
    "ui": {
        "idFilter": null,
        "pageNavigation": "«\n‹\n1\n2\n3\n4\n…\n›\n»",
        "pageNumber": 1,
        "repositoryFilter": "All",
        "resultStats": "69 finding aids found",
        "resultsPerPage": "10",
        "sort": {
            "direction": "ascending",
            "field": "timestamp"
        }
    }
}