{
    "results": [
        {
            "ID": "ad_mc_012",
            "Repository": "Akkasah: Center for Photography (NYU Abu Dhabi) (akkasah)",
            "Timestamp": "5/21/2020 7:09 am"
        },
        {
            "ID": "ad_mc_041",
            "Repository": "Akkasah: Center for Photography (NYU Abu Dhabi) (akkasah)",
            "Timestamp": "4/28/2020 5:40 am"
        },
        {
            "ID": "alwan",
            "Repository": "Akkasah: Center for Photography (NYU Abu Dhabi) (akkasah)",
            "Timestamp": "4/26/2018 8:28 am"
        },
        {
            "ID": "1979_008",
            "Repository": "Center for Brooklyn History (cbh)",
            "Timestamp": "10/12/2018 5:09 pm"
        },
        {
            "ID": "2018_006",
            "Repository": "Center for Brooklyn History (cbh)",
            "Timestamp": "8/10/2020 5:48 pm"
        },
        {
            "ID": "arms_2009_011_lapc",
            "Repository": "Center for Brooklyn History (cbh)",
            "Timestamp": "12/29/2020 3:10 pm"
        },
        {
            "ID": "bcms_0002",
            "Repository": "Center for Brooklyn History (cbh)",
            "Timestamp": "3/24/2021 11:54 am"
        },
        {
            "ID": "bcms_0007",
            "Repository": "Center for Brooklyn History (cbh)",
            "Timestamp": "5/20/2021 1:54 pm"
        },
        {
            "ID": "bcms_0031",
            "Repository": "Center for Brooklyn History (cbh)",
            "Timestamp": "3/3/2021 11:50 am"
        },
        {
            "ID": "bcms_0037",
            "Repository": "Center for Brooklyn History (cbh)",
            "Timestamp": "4/30/2021 5:34 pm"
        },
        {
            "ID": "bcms_0041",
            "Repository": "Center for Brooklyn History (cbh)",
            "Timestamp": "4/30/2021 5:53 pm"
        },
        {
            "ID": "lapietra",
            "Repository": "Fales Library and Special Collections (fales)",
            "Timestamp": "3/1/2021 11:53 am"
        },
        {
            "ID": "mss_221",
            "Repository": "Fales Library and Special Collections (fales)",
            "Timestamp": "6/21/2021 4:32 pm"
        },
        {
            "ID": "apaimport2",
            "Repository": "New York University Archives (archives)",
            "Timestamp": "6/23/2021 1:24 pm"
        },
        {
            "ID": "cullen",
            "Repository": "New York University Archives (archives)",
            "Timestamp": "12/21/2020 4:25 pm"
        },
        {
            "ID": "eagle",
            "Repository": "New York University Archives (archives)",
            "Timestamp": "5/19/2021 11:40 am"
        },
        {
            "ID": "mc_139",
            "Repository": "New York University Archives (archives)",
            "Timestamp": "7/7/2021 2:24 pm"
        },
        {
            "ID": "mc_3",
            "Repository": "New York University Archives (archives)",
            "Timestamp": "7/7/2021 2:01 pm"
        },
        {
            "ID": "mc_354",
            "Repository": "New York University Archives (archives)",
            "Timestamp": "4/8/2021 4:50 pm"
        },
        {
            "ID": "mc_41",
            "Repository": "New York University Archives (archives)",
            "Timestamp": "7/7/2021 2:07 pm"
        },
        {
            "ID": "rg_2_0_2",
            "Repository": "New York University Archives (archives)",
            "Timestamp": "7/7/2021 2:28 pm"
        },
        {
            "ID": "rg_35",
            "Repository": "New York University Archives (archives)",
            "Timestamp": "7/7/2021 2:31 pm"
        },
        {
            "ID": "rg_39_178",
            "Repository": "New York University Archives (archives)",
            "Timestamp": "1/7/2021 11:57 am"
        },
        {
            "ID": "fadesign_116_changed",
            "Repository": "New York University Archives (archives)",
            "Timestamp": "9/9/1999 9:09 am"
        },
        {
            "ID": "fadesign_116_deleted",
            "Repository": "New York University Archives (archives)",
            "Timestamp": "9/9/1999 9:09 am"
        },
        {
            "ID": "fadesign_117_changed",
            "Repository": "New York University Archives (archives)",
            "Timestamp": "9/9/1999 9:09 am"
        },
        {
            "ID": "fadesign_117_deleted",
            "Repository": "New York University Archives (archives)",
            "Timestamp": "9/9/1999 9:09 am"
        },
        {
            "ID": "fineart",
            "Repository": "New-York Historical Society (nyhs)",
            "Timestamp": "3/16/2016 3:41 pm"
        },
        {
            "ID": "gilbert",
            "Repository": "New-York Historical Society (nyhs)",
            "Timestamp": "10/5/2020 4:22 pm"
        },
        {
            "ID": "gilbertdrawings",
            "Repository": "New-York Historical Society (nyhs)",
            "Timestamp": "9/16/2019 9:45 am"
        },
        {
            "ID": "inventories",
            "Repository": "New-York Historical Society (nyhs)",
            "Timestamp": "8/22/2014 2:46 pm"
        },
        {
            "ID": "mckim",
            "Repository": "New-York Historical Society (nyhs)",
            "Timestamp": "8/12/2020 1:57 pm"
        },
        {
            "ID": "ms201_erasmus_hall",
            "Repository": "New-York Historical Society (nyhs)",
            "Timestamp": "3/22/2021 2:44 pm"
        },
        {
            "ID": "ms3093_maritime_association",
            "Repository": "New-York Historical Society (nyhs)",
            "Timestamp": "8/12/2020 4:22 pm"
        },
        {
            "ID": "ms3199_womens_sports",
            "Repository": "New-York Historical Society (nyhs)",
            "Timestamp": "6/17/2021 4:37 pm"
        },
        {
            "ID": "ms3202_bernfeld_puppet",
            "Repository": "New-York Historical Society (nyhs)",
            "Timestamp": "7/8/2021 10:59 am"
        },
        {
            "ID": "ms324_irvin",
            "Repository": "New-York Historical Society (nyhs)",
            "Timestamp": "10/26/2020 9:42 am"
        },
        {
            "ID": "ms443_9_stmarks_church_bowery",
            "Repository": "New-York Historical Society (nyhs)",
            "Timestamp": "6/30/2021 2:43 pm"
        },
        {
            "ID": "ms531_rutherfurd_collection",
            "Repository": "New-York Historical Society (nyhs)",
            "Timestamp": "4/15/2020 9:25 am"
        },
        {
            "ID": "nyhsrg18",
            "Repository": "New-York Historical Society (nyhs)",
            "Timestamp": "12/30/2018 4:19 pm"
        },
        {
            "ID": "nyhsrg22",
            "Repository": "New-York Historical Society (nyhs)",
            "Timestamp": "12/30/2018 4:43 pm"
        },
        {
            "ID": "pr010_caricatures",
            "Repository": "New-York Historical Society (nyhs)",
            "Timestamp": "9/3/2020 4:42 pm"
        },
        {
            "ID": "pr053_post",
            "Repository": "New-York Historical Society (nyhs)",
            "Timestamp": "7/2/2021 2:04 pm"
        },
        {
            "ID": "pr412_william_oberhardt",
            "Repository": "New-York Historical Society (nyhs)",
            "Timestamp": "2/24/2020 1:38 pm"
        },
        {
            "ID": "pr425_william_butler",
            "Repository": "New-York Historical Society (nyhs)",
            "Timestamp": "7/6/2021 9:48 am"
        },
        {
            "ID": "timeincnewtest",
            "Repository": "New-York Historical Society (nyhs)",
            "Timestamp": "12/5/2017 2:08 pm"
        },
        {
            "ID": "timeincrg17",
            "Repository": "New-York Historical Society (nyhs)",
            "Timestamp": "6/30/2021 1:15 pm"
        },
        {
            "ID": "timeincrg24new",
            "Repository": "New-York Historical Society (nyhs)",
            "Timestamp": "5/16/2019 3:03 pm"
        },
        {
            "ID": "ad_mc_001",
            "Repository": "NYU Abu Dhabi, Archives and Special Collections (nyuad)",
            "Timestamp": "3/27/2018 7:19 am"
        },
        {
            "ID": "ad_mc_004",
            "Repository": "NYU Abu Dhabi, Archives and Special Collections (nyuad)",
            "Timestamp": "6/13/2021 7:01 am"
        },
        {
            "ID": "ad_mc_015",
            "Repository": "NYU Abu Dhabi, Archives and Special Collections (nyuad)",
            "Timestamp": "4/2/2020 1:22 pm"
        },
        {
            "ID": "ad_rg_24_1",
            "Repository": "NYU Abu Dhabi, Archives and Special Collections (nyuad)",
            "Timestamp": "7/4/2021 7:23 am"
        },
        {
            "ID": "ad_rg_2_1",
            "Repository": "NYU Abu Dhabi, Archives and Special Collections (nyuad)",
            "Timestamp": "1/30/2020 10:36 am"
        },
        {
            "ID": "ad_rg_9_001",
            "Repository": "NYU Abu Dhabi, Archives and Special Collections (nyuad)",
            "Timestamp": "3/25/2021 1:28 am"
        },
        {
            "ID": "capstone",
            "Repository": "NYU Abu Dhabi, Archives and Special Collections (nyuad)",
            "Timestamp": "10/27/2017 7:07 am"
        },
        {
            "ID": "oralhist",
            "Repository": "NYU Abu Dhabi, Archives and Special Collections (nyuad)",
            "Timestamp": "1/10/2021 7:52 am"
        },
        {
            "ID": "timeincrg2",
            "Repository": "NYU Abu Dhabi, Archives and Special Collections (nyuad)",
            "Timestamp": "4/13/2017 10:34 am"
        },
        {
            "ID": "bugliarello_chancellor",
            "Repository": "Poly Archives at Bern Dibner Library of Science and Technology (poly)",
            "Timestamp": "3/12/2019 4:12 pm"
        },
        {
            "ID": "firehouse",
            "Repository": "Poly Archives at Bern Dibner Library of Science and Technology (poly)",
            "Timestamp": "3/18/2020 10:02 am"
        },
        {
            "ID": "mrireports",
            "Repository": "Poly Archives at Bern Dibner Library of Science and Technology (poly)",
            "Timestamp": "12/5/2016 2:57 pm"
        },
        {
            "ID": "nyupolyvideo",
            "Repository": "Poly Archives at Bern Dibner Library of Science and Technology (poly)",
            "Timestamp": "3/26/2015 12:45 pm"
        },
        {
            "ID": "faker_fake",
            "Repository": "Tamiment Library and Robert F. Wagner Labor Archives (tamwag)",
            "Timestamp": "4/22/2021 10:29 am"
        },
        {
            "ID": "tam_007_005",
            "Repository": "Tamiment Library and Robert F. Wagner Labor Archives (tamwag)",
            "Timestamp": "7/7/2021 1:54 pm"
        },
        {
            "ID": "tam_107",
            "Repository": "Tamiment Library and Robert F. Wagner Labor Archives (tamwag)",
            "Timestamp": "7/7/2021 2:24 pm"
        },
        {
            "ID": "tam_273",
            "Repository": "Tamiment Library and Robert F. Wagner Labor Archives (tamwag)",
            "Timestamp": "7/7/2021 1:47 pm"
        },
        {
            "ID": "tam_403",
            "Repository": "Tamiment Library and Robert F. Wagner Labor Archives (tamwag)",
            "Timestamp": "7/7/2021 4:08 pm"
        },
        {
            "ID": "tam_520",
            "Repository": "Tamiment Library and Robert F. Wagner Labor Archives (tamwag)",
            "Timestamp": "7/7/2021 2:21 pm"
        },
        {
            "ID": "tam_694",
            "Repository": "Tamiment Library and Robert F. Wagner Labor Archives (tamwag)",
            "Timestamp": "4/22/2021 9:24 am"
        },
        {
            "ID": "wag_273",
            "Repository": "Tamiment Library and Robert F. Wagner Labor Archives (tamwag)",
            "Timestamp": "3/25/2021 3:42 pm"
        }
    ],
    "ui": {
        "idFilter": null,
        "pageNavigation": "«\n‹\n1\n›\n»",
        "pageNumber": 1,
        "repositoryFilter": "All",
        "resultStats": "69 finding aids found",
        "resultsPerPage": "100",
        "sort": {
            "direction": "ascending",
            "field": "repository"
        }
    }
}