{
    "results": [
        {
        }
    ],
    "ui": {
        "idFilter": "aartmc_3Fales Library and Special CollectionsNew-York Historical SocietyNYU Abu Dhabi, Archives and Special CollectionsNYU Abu Dhabi, Archives and Special Collections, then All3New York University Archives2016Center for Brooklyn HistorynysrgNew-York Historical Society",
        "pageNavigation": "«\n‹\n1\n›\n»",
        "pageNumber": 1,
        "repositoryFilter": "All",
        "resultStats": "0 finding aids found",
        "resultsPerPage": "100",
        "sort": {
            "direction": "ascending",
            "field": "repository"
        }
    }
}